See http://rosettacode.org/wiki/Ackermann_function
ackermann(3,0)=5
ackermann(3,1)=13
ackermann(3,2)=29
ackermann(3,3)=61
ackermann(3,4)=125
ackermann(3,5)=253
ackermann(3,6)=509
ackermann(3,7)=1021
ackermann(3,8)=2045
ackermann(3,9)=4093
ackermann(3,10)=8189
ackermann(3,11)=16381
ackermann(3,12)=32765
ackermann(3,13)=65533
ackermann(3,14)=131069
