hasn't, shan't
caracas, cascara
armada, ramada
backward, drawback
bacterial, calibrate
abreact, cabaret
bandpass, passband
aboard, abroad
bashaw, wabash
balsa, basal
cascade, saccade
catalogue, coagulate
american, cinerama
activate, cavitate
capella, laplace
caramel, carmela
ancestral, lancaster
autoclave, vacuolate
caveat, vacate
archaism, charisma
caiman, maniac
caviar, variac
carla, clara
calvary, cavalry
casual, causal
alexander, alexandre
drainage, gardenia
andean, deanna
adrian, radian
emanate, manatee
algeria, regalia
angela, galena
magenta, magnate
assuage, sausage
gateway, getaway
armenian, marianne
astatine, sanitate
aspirate, parasite
alterman, maternal
annale, anneal
parental, paternal
affair, raffia
astigmat, stigmata
alga, gala
gamma, magma
halma, hamal
alai, alia
animal, manila
marital, martial
altair, lariat
airman, marina
aspirant, partisan
artisan, tsarina
alumna, manual
alarm, lamar
alan, lana
aural, laura
alva, lava
mantrap, rampant
amass, assam
nasa, sana
santa, satan
rasa, sara
rata, tara
abbe, babe
abc, cab
acerbic, breccia
caliber, calibre
bookcase, casebook
cable, caleb
carob, cobra
bad, dab
broadside, sideboard
abridge, brigade
bondage, dogbane
bernardo, dearborn
abode, adobe
bayed, beady
bridal, ribald
bandstop, stopband
board, broad
baud, daub
balinese, baseline
lebensraum, mensurable
baleen, enable
beater, berate
bagel, gable
bangle, bengal
boathouse, houseboat
bertha, breath
labile, liable
braille, liberal
biplane, plebian
librate, triable
bestial, stabile
bizarre, brazier
rabies, serbia
bake, beak
blake, bleak
brake, break
bella, label
marble, ramble
alberto, latrobe
barley, bleary
basel, sable
bleat, table
battle, tablet
beam, bema
amber, bream
bane, bean
banter, barnet
barney, nearby
barre, berra
bag, gab
bogota, tobago
bhutan, thuban
bail, bali
bipolar, parboil
binary, brainy
basis, bassi
alb, lab
balm, lamb
bam, mba
burma, umbra
ban, nab
barn, bran
braun, urban
abo, boa
abort, bator
bat, tab
ac, ca
catechism, schematic
coachmen, comanche
cochrane, encroach
cocaine, oceanic
cassock, cossack
celandine, decennial
decimate, medicate
creedal, declare
actinide, indicate
decimal, declaim
citadel, dialect
comedian, demoniac
radices, sidecar
calder, cradle
cadent, decant
cadre, cedar
monadic, nomadic
acrid, dirac
peripatetic, precipitate
inertance, nectarine
cerulean, laurence
seance, seneca
cesare, crease
cetera, create
cafe, face
cargoes, corsage
ache, each
cholera, chorale
sachem, schema
cheap, peach
chaste, scathe
cheat, teach
excitation, intoxicate
alice, celia
collinear, coralline
caroline, cornelia
panicle, pelican
caliper, replica
article, recital
lattice, tactile
conservation, conversation
poincare, procaine
arcsine, arsenic
ackley, lackey
alec, lace
caller, cellar
clean, lance
clare, clear
cartel, claret
cleat, eclat
cameron, romance
canoe, ocean
carne, crane
etruscan, recusant
cape, pace
carve, crave
cause, sauce
algorithmic, logarithmic
aching, chiang
arching, chagrin
cigar, craig
christian, christina
chain, china
charm, march
snatch, stanch
arch, char
cathy, yacht
cilia, iliac
callisto, castillo
complaint, compliant
camino, monica
cain, inca
caption, pontiac
auction, caution
snyaptic, synaptic
auric, curia
attic, tacit
cask, sack
cal, lac
calm, clam
coal, cola
clasp, scalp
claus, lucas
clay, lacy
cram, marc
cranston, scranton
canny, nancy
cantor, carton
acton, canto
canst, scant
castor, castro
coast, costa
cap, cpa
carp, crap
acs, sac
act, cat
caw, wac
add, dad
dade, dead
demand, madden
englander, greenland
derange, grenade
darlene, leander
lavender, vreeland
amende, demean
deprave, pervade
deaf, fade
defray, frayed
dangle, glenda
edgar, grade
gerard, regard
handel, handle
hades, shade
aide, idea
delia, ideal
daniel, denial
detail, dilate
altitude, latitude
amide, media
maiden, median
dianne, nadine
advise, davies
sideway, wayside
deja, jade
knead, naked
della, ladle
alden, laden
laredo, ordeal
pedal, plead
adler, alder
dealt, delta
daley, delay
andre, arden
andes, sedan
drape, padre
stayed, steady
fad, fda
drag, grad
handy, haydn
hoard, rhoda
hardy, hydra
dash, shad
aid, ida
dial, laid
lorinda, ordinal
island, landis
dilatory, idolatry
amid, maid
inroad, ordain
drain, nadir
darwin, inward
doria, radio
arid, raid
darius, radius
dairy, diary
dais, said
dolan, nodal
rowland, waldron
dunlap, upland
dual, laud
daly, lady
dam, mad
dynamo, monday
adorn, radon
darn, rand
dawn, wand
dora, road
toady, today
draw, ward
saud, usda
enervate, venerate
repartee, repeater
galenite, gelatine
angeles, senegal
eelgrass, largesse
estrange, sergeant
avenge, geneva
agree, eager
seahorse, seashore
weather, wreathe
aileen, elaine
laterite, literate
aventine, venetian
enstatite, intestate
attentive, tentative
easel, lease
annette, nanette
seater, teresa
afresh, shafer
flea, leaf
fasten, stefan
fare, fear
faery, freya
fate, feat
hangover, overhang
integral, triangle
gelatin, genital
enigma, imagen
antigen, gentian
granite, ingrate
allergy, gallery
mangel, mangle
goleta, legato
gravel, verlag
augment, mutagen
gannett, tangent
agone, genoa
anger, range
sargent, strange
gestapo, postage
gape, page
gear, rage
garter, grater
argue, auger
gates, stage
gave, vega
elisha, sheila
johannes, johansen
hale, heal
hotelman, methanol
hamlet, thelma
whalen, whelan
leash, shale
ashley, halsey
wealthy, whatley
haley, healy
anthem, hetman
amherst, hamster
anther, tehran
athens, hasten
ethan, neath
haney, hyena
ashore, hoarse
phrase, sharpe
phase, shape
limitate, militate
aitken, intake
lineman, melanin
mutilate, ultimate
reliant, retinal
saline, silane
valine, venial
israel, serial
importunate, permutation
airmen, marine
maier, marie
annie, inane
insane, sienna
arisen, arsine
retain, retina
anise, siena
piraeus, upraise
artie, irate
jane, jean
kramer, remark
snake, sneak
skater, streak
kate, take
wake, weak
ale, lea
allure, laurel
laymen, manley
ample, maple
salem, selma
alone, leona
orleans, salerno
planet, platen
lauren, neural
latent, talent
lunate, tulane
navel, venal
plaster, psalter
lapse, sepal
pastel, staple
walters, wastrel
latter, rattle
ravel, velar
salve, slave
exalt, latex
vale, veal
wale, weal
alex, axle
laze, zeal
mare, ream
maser, smear
erasmus, masseur
pearson, persona
patroness, transpose
operant, protean
reason, senora
atone, eaton
raven, verna
sane, sean
attune, nutate
erato, orate
passer, sparse
pasteur, pasture
pater, taper
rare, rear
arrest, raster
rater, terra
aster, stare
rate, tear
tater, treat
ware, wear
ezra, raze
east, seat
state, taste
astute, statue
sweat, waste
save, vase
tate, teat
ave, eva
aye, yea
flair, frail
aloft, float
afro, faro
aft, fat
algorithm, logarithm
gash, shag
gail, gila
ingram, margin
gain, gina
gal, lag
glans, slang
goal, olga
angry, rangy
sang, snag
gnat, tang
gnaw, wang
nagy, yang
gar, rag
argus, sugar
gary, gray
ah, ha
hash, shah
shawl, walsh
halt, lath
hampton, phantom
hansom, monash
hyman, mynah
mash, sham
hans, nash
tanh, than
pathos, potash
shaw, wash
thaw, what
haw, wah
hay, yah
ail, ali
lain, nail
slain, snail
alvin, anvil
trail, trial
silas, sisal
italy, laity
vail, vial
aim, ami
amino, naomi
marino, marion
mantis, matins
maori, mario
priam, prima
armpit, impart
irma, mira
siam, sima
ani, ian
inapt, paint
transit, tristan
ansi, sian
issuant, sustain
anti, tina
taint, titan
ivan, vain
saviour, various
air, ira
assist, stasis
aviv, viva
jar, raj
klan, lank
karl, lark
akron, koran
kant, tank
kayo, okay
karp, park
parks, spark
skat, task
kay, yak
al, la
alloy, loyal
molar, moral
lamp, palm
plasm, psalm
mutual, umlaut
alum, maul
salon, sloan
lunary, uranyl
opal, palo
patrol, portal
also, laos
olav, oval
alps, slap
palsy, splay
lura, raul
aryl, lyra
awl, law
am, ma
maroon, romano
ramo, roam
amos, soma
atom, moat
pram, ramp
mart, tram
mawr, warm
astm, mast
mat, tam
ann, nan
patron, tarpon
arson, sonar
avon, nova
nap, pan
snap, span
ran, rna
nasty, tansy
aunt, tuna
awn, wan
any, nay
paso, soap
astor, roast
oat, tao
rasp, spar
startup, upstart
warp, wrap
past, spat
pasty, patsy
swap, wasp
pay, yap
paz, zap
star, tsar
straw, swart
satyr, stray
arty, tray
raw, war
awry, wary
as, sa
swat, wast
saw, was
at, ta
tva, vat
way, yaw
ribbon, robbin
begrudge, debugger
berglund, lundberg
budge, debug
bordello, doorbell
bedroom, boredom
bird, drib
body, boyd
bud, dub
behest, thebes
impressible, permissible
been, eben
bluegill, gullible
bugle, bulge
bergstrom, stromberg
blister, bristle
timber, timbre
erbium, imbrue
bittern, britten
tribune, turbine
bitnet, bitten
tiber, tribe
lumber, rumble
nobel, noble
bolster, lobster
bustle, subtle
somber, sombre
benton, bonnet
bore, robe
reub, rube
bey, bye
fbi, fib
bog, gob
burg, grub
broth, throb
brush, shrub
limbo, mobil
sibyl, sybil
bolo, lobo
blot, bolt
blow, bowl
blur, burl
bon, nob
bourn, bruno
brunt, burnt
orb, rob
bury, ruby
bust, stub
bus, sub
egocentric, geocentric
circle, cleric
concerti, necrotic
citric, critic
discreet, discrete
certitude, rectitude
euridyce, eurydice
chowder, cowherd
indicter, indirect
include, nuclide
centroid, doctrine
discern, rescind
creditor, director
cider, cried
credit, direct
code, coed
credo, decor
clod, cold
cloud, could
crud, curd
fierce, recife
perfect, prefect
chenille, hellenic
evince, venice
pierce, recipe
elector, electro
conserve, converse
percept, precept
creep, crepe
except, expect
crete, erect
chief, fiche
certify, rectify
kitchen, thicken
phenolic, pinochle
chine, niche
erich, reich
cohen, enoch
chert, retch
etch, tech
isocline, silicone
ceil, lice
compile, polemic
ericsson, necrosis
incest, insect
eric, rice
restrict, stricter
civet, evict
ceylon, conley
cloture, coulter
cone, once
creon, crone
csnet, scent
coyote, oocyte
cope, opec
pecos, scope
covert, vector
corey, royce
gnomonic, oncoming
chin, inch
chopin, phonic
pyhrric, pyrrhic
chit, itch
hock, koch
chum, much
chou, ouch
cotillion, octillion
cyril, lyric
coin, icon
scion, sonic
incur, runic
optic, topic
sci, sic
cit, tic
cork, rock
clot, colt
con, nco
corny, crony
ncr, nrc
corp, crop
cos, soc
cost, scot
cot, oct
desmond, edmonds
dod, odd
de, ed
defer, freed
diesel, seidel
desire, reside
eden, need
deep, peed
deer, reed
dewey, weedy
infidel, infield
deify, edify
goldstein, goldstine
dirge, ridge
horde, rhode
derision, ironside
indies, inside
idle, lied
sidle, slide
diem, dime
dine, enid
indent, intend
disney, sidney
edwin, widen
editor, triode
drive, verdi
deity, diety
dive, vide
del, led
eldon, olden
toledo, toodle
doyle, yodel
lewd, weld
denton, tendon
done, node
prudent, uptrend
dent, tend
dune, nude
deny, dyne
doe, ode
deport, redtop
dorset, strode
edt, ted
dew, wed
dey, dye
dingy, dying
gird, grid
dog, god
holdup, uphold
disk, skid
dim, mid
domino, monoid
upwind, windup
torpid, tripod
ovid, void
dolly, lloyd
dolt, told
doom, mood
don, nod
donor, rondo
door, rood
drop, prod
dr, rd
dust, stud
dusty, study
petersen, pretense
perverse, preserve
reserve, reverse
reeves, severe
feel, flee
free, reef
freer, refer
feet, fete
engel, engle
genre, green
egret, greet
herein, inhere
neither, therein
ethel, lethe
howsomever, whomsoever
nowhere, whereon
howsoever, whosoever
however, whoever
herpes, sphere
esther, hester
sheet, these
impressive, permissive
limestone, milestone
nemesis, siemens
emitter, termite
ernie, irene
eisner, serine
entirety, eternity
retinue, uterine
reprise, respire
eire, erie
keel, leek
keen, knee
keep, peek
eel, lee
elmer, merle
leer, reel
swelter, wrestle
lever, revel
selves, vessel
sleet, steel
sleety, steely
metronome, monotreme
enemy, yemen
meteor, remote
presume, supreme
emery, meyer
present, serpent
ernest, resent
neuter, tenure
essen, sense
steen, tense
even, neve
peste, steep
every, veery
teet, tete
eve, vee
ewe, wee
fief, fife
finger, fringe
flemish, himself
flesh, shelf
file, life
flier, rifle
filter, trifle
itself, stifle
fluster, restful
felt, left
flue, fuel
forest, foster
frey, frye
ginger, nigger
eighth, height
english, shingle
ethology, theology
glisten, singlet
ignore, region
niger, reign
ingest, signet
gel, leg
longue, lounge
loge, ogle
glove, vogel
glue, luge
gem, meg
goren, negro
rogue, rouge
eh, he
shriek, shrike
henri, rhine
hines, shine
heir, hire
shiver, shrive
wither, writhe
theist, thetis
white, withe
holster, hostler
hurtle, luther
hustle, sleuth
mother, thermo
hornet, throne
hewn, when
horse, shore
hose, shoe
ethos, those
impression, permission
interim, termini
eli, lie
ellis, lisle
moline, oilmen
lenin, linen
lineup, lupine
levin, liven
lottie, toilet
silver, sliver
silvery, slivery
isle, lise
wiley, wylie
mien, mine
moines, monies
mervin, vermin
minuet, minute
impure, umpire
mire, rime
iverson, version
insert, sinter
inert, inter
inure, urine
ervin, riven
inset, stein
sinew, swine
vein, vine
equip, pique
pier, ripe
petri, tripe
quiet, quite
rise, sire
resist, sister
issue, susie
view, wive
keys, skye
swell, wells
lyle, yell
elm, mel
lome, mole
lore, role
louver, louvre
solute, tousle
louse, seoul
vowel, wolve
pyle, yelp
lure, rule
let, tel
ely, lye
em, me
moen, omen
moore, romeo
more, rome
morse, moser
emory, moyer
motet, totem
remus, serum
en, ne
neon, none
person, posner
notre, tenor
enos, nose
note, tone
ernst, stern
rent, tern
nest, sent
net, ten
newt, went
pore, rope
prose, spore
puerto, troupe
ore, roe
resort, roster
oyster, storey
swore, worse
rote, tore
tower, wrote
over, rove
rowe, wore
veto, vote
owe, woe
per, rep
peru, pure
prexy, pyrex
prey, pyre
setup, upset
suture, uterus
ruse, sure
est, set
stew, west
sue, use
suez, zeus
flog, golf
forth, froth
foil, lifo
flit, lift
fist, sift
form, from
for, fro
gingko, ginkgo
night, thing
girth, right
gunshot, shotgun
ought, tough
hug, ugh
irving, virgin
grin, ring
sign, sing
grip, prig
grit, trig
gulp, plug
gum, mug
gorton, groton
grown, wrong
gown, wong
snug, sung
gnu, gun
gop, gpo
got, tog
gusty, gutsy
gut, tug
shin, sinh
hint, thin
hip, phi
whit, with
hunk, kuhn
holst, sloth
hom, ohm
python, typhon
north, thorn
ho, oh
hoop, pooh
shoot, sooth
posh, shop
roth, thor
throw, worth
host, shot
shout, south
how, who
hurt, ruth
shut, thus
kilo, loki
ink, kin
sink, skin
lilt, till
lin, nil
insult, sunlit
polis, spoil
lisp, slip
spilt, split
silty, styli
lit, til
minos, simon
minot, timon
miss, sims
mit, tim
positron, sorption
option, potion
pinto, point
iron, orin
nip, pin
snip, spin
nit, tin
isotropy, porosity
psi, sip
pit, tip
ir, ri
situ, suit
it, ti
itt, tit
twit, witt
iv, vi
ix, xi
knot, tonk
kyoto, tokyo
kurt, turk
ku, uk
lump, plum
loon, nolo
olson, solon
lyon, only
sloop, spool
oslo, solo
loot, tool
lop, pol
los, sol
lost, slot
low, owl
lust, slut
mn, nm
morn, norm
moor, room
prom, romp
storm, strom
mot, tom
strum, sturm
must, smut
no, on
pronto, proton
snoop, spoon
nor, ron
stony, tyson
snow, sown
not, ton
town, wont
nov, von
runt, turn
run, urn
sun, usn
nut, tun
nu, un
porto, troop
roost, torso
otto, toot
sport, strop
opus, soup
pow, wop
rot, tor
tort, trot
trout, tutor
rout, tour
tory, troy
ott, tot
tow, two
pus, sup
russ, ussr
strut, trust
tv, vt
banal, laban, nabla
ascertain, cartesian, sectarian
diana, nadia, naiad
abed, bade, bead
baird, braid, rabid
bard, brad, drab
algenib, belgian, bengali
amble, blame, mabel
bare, bear, brae
baste, bates, beast
brag, garb, grab
brain, brian, rabin
abut, tabu, tuba
acme, came, mace
cretan, nectar, trance
carven, cavern, craven
ascent, secant, stance
avocet, octave, vocate
acre, care, race
frantic, infarct, infract
anchor, charon, rancho
carlo, carol, coral
acm, cam, mac
armco, macro, marco
cannot, canton, conant
arc, car, rca
acts, cast, scat
danger, gander, garden
dearth, hatred, thread
aides, aside, sadie
dale, deal, lead
dame, made, mead
andrew, wander, warden
dater, trade, tread
dave, vade, veda
avid, diva, vida
arnold, roland, ronald
damon, monad, nomad
and, dan, dna
earthen, hearten, teheran
asleep, elapse, please
earnest, eastern, nearest
magneto, megaton, montage
grate, great, greta
asher, share, shear
earth, hater, heart
earthy, hearty, thayer
hate, heat, thea
aspire, persia, praise
kale, lake, leak
lame, male, meal
arlen, learn, renal
altern, antler, rental
laurent, neutral, renault
earl, lear, real
starlet, startle, statler
alert, alter, later
lase, sale, seal
late, tale, teal
nape, neap, pane
earn, near, rena
ante, nate, neat
nave, neva, vane
anew, wane, wean
ape, epa, pea
parse, spare, spear
paste, septa, spate
pate, peat, tape
ares, sear, sera
aver, rave, vera
yates, yeast, yeats
foal, loaf, olaf
along, anglo, logan
argon, groan, organ
ago, gao, goa
argot, gator, groat
gas, gsa, sag
hank, kahn, khan
ashy, hays, shay
lair, liar, rail
lisa, sail, sial
iran, nair, rain
saint, satin, stain
avis, siva, visa
janos, jason, jonas
alton, talon, tonal
alp, lap, pal
last, salt, slat
moan, mona, oman
amp, map, pam
arm, mar, ram
army, mary, myra
amy, may, yam
nary, ryan, yarn
ant, nat, tan
rosa, soar, sora
apr, par, rap
part, rapt, trap
aps, sap, spa
art, rat, tar
observe, obverse, verbose
begin, being, binge
bole, lobe, loeb
below, bowel, elbow
brute, buret, rebut
bin, ibn, nib
btu, but, tub
cruel, lucre, ulcer
corset, escort, sector
course, crusoe, source
clio, coil, loci
citrus, curtis, rustic
cpu, cup, puc
dire, reid, ride
demo, dome, mode
den, end, ned
dowry, rowdy, wordy
ether, there, three
leper, perle, repel
meet, mete, teem
nerve, never, verne
ester, steer, terse
serve, sever, verse
goer, gore, ogre
klein, kline, liken
emil, lime, mile
miles, slime, smile
listen, silent, tinsel
merit, mitre, remit
penis, snipe, spine
rite, tier, tire
weir, wier, wire
lope, opel, pole
lose, sloe, sole
result, rustle, ulster
rosen, senor, snore
nestor, sterno, tensor
onset, seton, stone
poesy, posey, sepoy
eros, rose, sore
purse, sprue, super
pest, sept, step
flow, fowl, wolf
gory, gyro, orgy
lion, loin, olin
lois, silo, soil
list, silt, slit
into, oint, toni
riot, tori, trio
irs, sir, sri
loop, polo, pool
now, own, won
proust, sprout, stupor
post, spot, stop
opt, pot, top
lascar, rascal, sacral, scalar
beard, bread, debar, debra
abet, bate, beat, beta
aden, dane, dean, edna
dare, dear, erda, read
hare, hear, hera, rhea
aires, aries, arise, raise
keats, skate, stake, steak
lament, mantel, mantle, mental
nepal, panel, penal, plane
leap, pale, peal, plea
leapt, petal, plate, pleat
least, slate, stale, steal
amen, mane, mean, name
ames, mesa, same, seam
mate, meat, tame, team
pare, pear, rape, reap
are, ear, era, rae
ate, eat, eta, tea
lima, mail, mali, mila
latus, sault, talus, tulsa
manor, moran, norma, roman
apt, pat, pta, tap
cereus, recuse, rescue, secure
diet, edit, tide, tied
lien, line, neil, nile
emit, item, mite, time
resin, rinse, risen, siren
esprit, priest, sprite, stripe
lemon, melon, menlo, monel
enol, leon, lone, noel
abel, able, bale, bela, elba
caret, carte, cater, crate, trace
angel, angle, galen, glean, lange
alger, glare, lager, large, regal
elan, lane, lean, lena, neal
evil, levi, live, veil, vile
