ncr, nrc
jar, raj
pyhrric, pyrrhic
flemish, himself
strum, sturm
elmer, merle
deaf, fade
aide, idea
deja, jade
mash, sham
clot, colt
restrict, stricter
caller, cellar
est, set
cos, soc
sue, use
cot, oct
kay, yak
abbe, babe
denton, tendon
doom, mood
neon, none
been, eben
hans, nash
chopin, phonic
tanh, than
ashore, hoarse
peru, pure
goleta, legato
anthem, hetman
prey, pyre
brunt, burnt
awl, law
essen, sense
ought, tough
polis, spoil
steen, tense
citric, critic
ernest, resent
coyote, oocyte
chin, inch
enos, nose
drag, grad
note, tone
celandine, decennial
chit, itch
insane, sienna
cassock, cossack
except, expect
salon, sloan
mat, tam
palsy, splay
iverson, version
otto, toot
neuter, tenure
mantis, matins
dash, shad
hansom, monash
darius, radius
ann, nan
baud, daub
activate, cavitate
lyle, yell
nap, pan
ran, rna
limestone, milestone
fluster, restful
awn, wan
cloture, coulter
any, nay
forth, froth
goren, negro
alarm, lamar
dial, laid
meteor, remote
amid, maid
bake, beak
beam, bema
hock, koch
lome, mole
bane, bean
handel, handle
arid, raid
dais, said
person, posner
gravel, verlag
percept, precept
allergy, gallery
nemesis, siemens
oat, tao
eldon, olden
lever, revel
derision, ironside
rent, tern
disk, skid
skater, streak
marble, ramble
oyster, storey
issuant, sustain
bipolar, parboil
holster, hostler
capella, laplace
english, shingle
pay, yap
paz, zap
sleet, steel
minos, simon
creon, crone
minot, timon
santa, satan
abort, bator
doyle, yodel
afro, faro
lore, role
nest, sent
code, coed
shaw, wash
arisen, arsine
shut, thus
cartel, claret
chum, much
poincare, procaine
retain, retina
banter, barnet
saline, silane
valine, venial
barney, nearby
marital, martial
alloy, loyal
boathouse, houseboat
pasteur, pasture
caramel, carmela
ethel, lethe
canny, nancy
eden, need
form, from
thaw, what
deep, peed
dual, laud
gird, grid
newt, went
inroad, ordain
alterman, maternal
bridal, ribald
deer, reed
elisha, sheila
twit, witt
daly, lady
pyle, yelp
backward, drawback
shiver, shrive
bluegill, gullible
reeves, severe
raw, war
autoclave, vacuolate
horse, shore
flier, rifle
night, thing
pinto, point
equip, pique
acton, canto
glove, vogel
bail, bali
demand, madden
chou, ouch
heir, hire
ericsson, necrosis
impressible, permissible
bookcase, casebook
gown, wong
gannett, tangent
wither, writhe
snyaptic, synaptic
saw, was
holst, sloth
nowhere, whereon
ethos, those
petri, tripe
aural, laura
cascade, saccade
rater, terra
bizarre, brazier
fief, fife
darn, rand
hoop, pooh
lure, rule
pathos, potash
dawn, wand
ovid, void
casual, causal
sachem, schema
tva, vat
however, whoever
pearson, persona
operant, protean
csnet, scent
chowder, cowherd
aster, stare
burma, umbra
certify, rectify
dora, road
burg, grub
annale, anneal
israel, serial
posh, shop
island, landis
hangover, overhang
darwin, inward
barley, bleary
bergstrom, stromberg
halma, hamal
tater, treat
deprave, pervade
ellis, lisle
balm, lamb
nor, ron
pus, sup
idle, lied
not, ton
diem, dime
bore, robe
dine, enid
nov, von
aching, chiang
calder, cradle
callisto, castillo
louver, louvre
dive, vide
fierce, recife
compile, polemic
girth, right
blister, bristle
chine, niche
canst, scant
rowland, waldron
erich, reich
deify, edify
file, life
foil, lifo
behest, thebes
roth, thor
snug, sung
battle, tablet
flit, lift
bustle, subtle
way, yaw
goldstein, goldstine
lenin, linen
nobel, noble
inert, inter
clasp, scalp
inure, urine
ervin, riven
pater, taper
throw, worth
levin, liven
clod, cold
barn, bran
draw, ward
host, shot
armada, ramada
bitnet, bitten
gulp, plug
adrian, radian
cadent, decant
hewn, when
laymen, manley
infidel, infield
sheet, these
horde, rhode
chain, china
inset, stein
north, thorn
sinew, swine
atone, eaton
toady, today
run, urn
saud, usda
reub, rube
hose, shoe
domino, monoid
iron, orin
lewd, weld
astatine, sanitate
defray, frayed
lavender, vreeland
holdup, uphold
chief, fiche
discern, rescind
bagel, gable
braille, liberal
darlene, leander
include, nuclide
metronome, monotreme
cider, cried
lop, pol
los, sol
sun, usn
low, owl
chaste, scathe
snip, spin
felt, left
flue, fuel
lilt, till
ignore, region
armenian, marianne
hustle, sleuth
henri, rhine
ample, maple
hines, shine
claus, lucas
argus, sugar
salem, selma
nut, tun
done, node
flog, golf
dent, tend
dune, nude
limitate, militate
hunk, kuhn
deny, dyne
annette, nanette
freer, refer
biplane, plebian
cohen, enoch
arching, chagrin
orleans, salerno
alone, leona
cable, caleb
caption, pontiac
raven, verna
gunshot, shotgun
navel, venal
budge, debug
hip, phi
kurt, turk
moline, oilmen
incest, insect
indent, intend
attentive, tentative
swat, wast
erasmus, masseur
charm, march
remus, serum
scion, sonic
grown, wrong
cadre, cedar
present, serpent
bertha, breath
lust, slut
impure, umpire
binary, brainy
laterite, literate
blake, bleak
basis, bassi
bittern, britten
complaint, compliant
tribune, turbine
brake, break
lapse, sepal
sport, strop
crud, curd
fist, sift
lisp, slip
stony, tyson
reason, senora
lottie, toilet
ingest, signet
torpid, tripod
moines, monies
dynamo, monday
impression, permission
bella, label
drain, nadir
basel, sable
broth, throb
antigen, gentian
bleat, table
dod, odd
hasn't, shan't
shin, sinh
hint, thin
knot, tonk
ribbon, robbin
irving, virgin
isotropy, porosity
lunary, uranyl
auction, caution
certitude, rectitude
credo, decor
librate, triable
chert, retch
amber, bream
doria, radio
louse, seoul
silvery, slivery
incur, runic
hom, ohm
ravel, velar
del, led
edgar, grade
doe, ode
ac, ca
andean, deanna
edt, ted
ah, ha
animal, manila
dew, wed
oslo, solo
frey, frye
loot, tool
al, la
dey, dye
am, ma
python, typhon
as, sa
at, ta
paso, soap
bestial, stabile
panicle, pelican
arcsine, arsenic
white, withe
wiley, wylie
acrid, dirac
salve, slave
hades, shade
presume, supreme
trout, tutor
lumber, rumble
concerti, necrotic
mervin, vermin
disney, sidney
lineman, melanin
delia, ideal
amide, media
christian, christina
balsa, basal
stayed, steady
walters, wastrel
glans, slang
leash, shale
exalt, latex
dog, god
angry, rangy
mantrap, rampant
haley, healy
snoop, spoon
how, who
bandstop, stopband
bury, ruby
caliper, replica
interim, termini
alberto, latrobe
limbo, mobil
granite, ingrate
vowel, wolve
flair, frail
gelatin, genital
swore, worse
dairy, diary
de, ed
hyman, mynah
bud, dub
minuet, minute
dr, rd
ramo, roam
amos, soma
atom, moat
knead, naked
amherst, hamster
dim, mid
ethan, neath
cathy, yacht
tower, wrote
cyril, lyric
haney, hyena
eh, he
lost, slot
em, me
bey, bye
en, ne
castor, castro
egocentric, geocentric
insult, sunlit
toledo, toodle
klan, lank
positron, sorption
pram, ramp
eelgrass, largesse
karl, lark
della, ladle
alden, laden
barre, berra
article, recital
pedal, plead
fbi, fib
adler, alder
notre, tenor
angeles, senegal
hampton, phantom
setup, upset
dealt, delta
gusty, gutsy
daley, delay
morn, norm
whit, with
lump, plum
altair, lariat
astute, statue
eisner, serine
filter, trifle
selves, vessel
carob, cobra
elector, electro
algorithmic, logarithmic
phase, shape
prose, spore
donor, rondo
inapt, paint
for, fro
bog, gob
cantor, carton
itself, stifle
hornet, throne
corp, crop
mart, tram
sleety, steely
kant, tank
cochrane, encroach
mawr, warm
lattice, tactile
catalogue, coagulate
andre, arden
bedroom, boredom
andes, sedan
ho, oh
resist, sister
covert, vector
astm, mast
ingram, margin
kayo, okay
slain, snail
alvin, anvil
assuage, sausage
tort, trot
rout, tour
herein, inhere
ir, ri
tory, troy
it, ti
alumna, manual
bolo, lobo
lain, nail
iv, vi
karp, park
ix, xi
blot, bolt
gash, shag
stew, west
blow, bowl
vail, vial
drape, padre
don, nod
alexander, alexandre
sibyl, sybil
emanate, manatee
gail, gila
gain, gina
aileen, elaine
cost, scot
irma, mira
siam, sima
fasten, stefan
suez, zeus
cameron, romance
taint, titan
parks, spark
sloop, spool
snow, sown
enemy, yemen
ku, uk
cranston, scranton
flea, leaf
ansi, sian
anti, tina
estrange, sergeant
phrase, sharpe
fare, fear
ivan, vain
decimate, medicate
fate, feat
akron, koran
saviour, various
opus, soup
town, wont
dorset, strode
skat, task
blur, burl
gape, page
aventine, venetian
gear, rage
gave, vega
englander, greenland
trail, trial
faery, freya
excitation, intoxicate
retinue, uterine
mn, nm
forest, foster
hale, heal
goal, olga
gnomonic, oncoming
pore, rope
caroline, cornelia
puerto, troupe
silas, sisal
bon, nob
corny, crony
no, on
cafe, face
ache, each
nu, un
alec, lace
cork, rock
daniel, denial
cape, pace
integral, triangle
detail, dilate
hamlet, thelma
transit, tristan
orb, rob
ackley, lackey
italy, laity
spilt, split
emery, meyer
russ, ussr
deport, redtop
jane, jean
moen, omen
maiden, median
sang, snag
gnat, tang
rote, tore
dolt, told
anther, tehran
archaism, charisma
over, rove
gnaw, wang
rowe, wore
indicter, indirect
nagy, yang
perverse, preserve
whalen, whelan
nasty, tansy
artisan, tsarina
magenta, magnate
issue, susie
dianne, nadine
more, rome
comedian, demoniac
athens, hasten
kate, take
airmen, marine
avenge, geneva
wake, weak
molar, moral
reprise, respire
pecos, scope
rogue, rouge
coin, icon
enigma, imagen
arch, char
veto, vote
vale, veal
wale, weal
alex, axle
petersen, pretense
augment, mutagen
laze, zeal
plasm, psalm
bourn, bruno
dusty, study
cain, inca
dangle, glenda
mare, ream
impressive, permissive
resort, roster
johannes, johansen
parental, paternal
theist, thetis
gestapo, postage
bus, sub
ancestral, lancaster
ernie, irene
perfect, prefect
kyoto, tokyo
cloud, could
corey, royce
aviv, viva
sane, sean
bird, drib
gary, gray
etch, tech
bogota, tobago
astor, roast
amass, assam
braun, urban
tv, vt
alga, gala
ceil, lice
cask, sack
eric, rice
hurt, ruth
aitken, intake
enervate, venerate
solute, tousle
ashley, halsey
algorithm, logarithm
engel, engle
bolster, lobster
quiet, quite
sidle, slide
state, taste
sweat, waste
calm, clam
coal, cola
afresh, shafer
caiman, maniac
isle, lise
situ, suit
advise, davies
latter, rattle
clay, lacy
arson, sonar
dilatory, idolatry
pasty, patsy
algeria, regalia
kitchen, thicken
coast, costa
flesh, shelf
dirge, ridge
alai, alia
mien, mine
cram, marc
labile, liable
pow, wop
mire, rime
evince, venice
peripatetic, precipitate
genre, green
shout, south
adorn, radon
defer, freed
edwin, widen
rare, rear
amende, demean
feel, flee
rate, tear
ware, wear
assist, stasis
ezra, raze
free, reef
vein, vine
attune, nutate
american, cinerama
feet, fete
glisten, singlet
cilia, iliac
rot, tor
east, seat
gerard, regard
save, vase
camino, monica
pierce, recipe
pastel, staple
snatch, stanch
keys, skye
repartee, repeater
actinide, indicate
discreet, discrete
silver, sliver
patroness, transpose
niger, reign
alan, lana
cone, once
mot, tom
strut, trust
carp, crap
tate, teat
loge, ogle
pier, ripe
pronto, proton
alva, lava
glue, luge
timber, timbre
body, boyd
erbium, imbrue
planet, platen
berglund, lundberg
creditor, director
diesel, seidel
mutual, umlaut
gamma, magma
cargoes, corsage
dolan, nodal
abridge, brigade
ott, tot
cope, opec
tow, two
bangle, bengal
kramer, remark
eire, erie
bashaw, wabash
caviar, variac
enstatite, intestate
euridyce, eurydice
egret, greet
drive, verdi
abode, adobe
erato, orate
brush, shrub
nasa, sana
rise, sire
bayed, beady
lauren, neural
cotillion, octillion
straw, swart
satyr, stray
acerbic, breccia
cigar, craig
keel, leek
roost, torso
keen, knee
keep, peek
rabies, serbia
seance, seneca
gorton, groton
centroid, doctrine
circle, cleric
esther, hester
maroon, romano
patron, tarpon
lorinda, ordinal
caliber, calibre
deity, diety
optic, topic
ink, kin
dingy, dying
kilo, loki
grin, ring
leer, reel
sign, sing
latent, talent
lunate, tulane
bhutan, thuban
dunlap, upland
hurtle, luther
balinese, baseline
lineup, lupine
decimal, declaim
desmond, edmonds
plaster, psalter
shoot, sooth
citadel, dialect
lin, nil
lit, til
baleen, enable
hug, ugh
angela, galena
aboard, abroad
credit, direct
ginger, nigger
phenolic, pinochle
drainage, gardenia
insert, sinter
eighth, height
star, tsar
bondage, dogbane
maser, smear
cheap, peach
snake, sneak
eel, lee
cheat, teach
mit, tim
porto, troop
rasa, sara
rata, tara
grip, prig
view, wive
eve, vee
sink, skin
desire, reside
even, neve
ewe, wee
allure, laurel
editor, triode
herpes, sphere
upwind, windup
lebensraum, mensurable
conservation, conversation
seater, teresa
alice, celia
arty, tray
cholera, chorale
moore, romeo
nip, pin
nit, tin
miss, sims
cesare, crease
cetera, create
passer, sparse
shriek, shrike
begrudge, debugger
airman, marina
affair, raffia
cerulean, laurence
ethology, theology
bust, stub
bordello, doorbell
altitude, latitude
conserve, converse
broadside, sideboard
carla, clara
civet, evict
auric, curia
ernst, stern
aloft, float
gel, leg
bugle, bulge
gem, meg
grit, trig
must, smut
somber, sombre
aspirate, parasite
aspirant, partisan
astigmat, stigmata
rasp, spar
warp, wrap
maier, marie
sideway, wayside
wealthy, whatley
psi, sip
pit, tip
handy, haydn
finger, fringe
ceylon, conley
past, spat
startup, upstart
awry, wary
importunate, permutation
swap, wasp
annie, inane
avon, nova
clean, lance
attic, tacit
hoard, rhoda
morse, moser
tiber, tribe
clare, clear
anise, siena
eli, lie
cleat, eclat
weather, wreathe
emory, moyer
gum, mug
loon, nolo
benton, bonnet
isocline, silicone
lyon, only
snap, span
abc, cab
abreact, cabaret
cocaine, oceanic
galenite, gelatine
bad, dab
monadic, nomadic
radices, sidecar
howsoever, whosoever
bag, gab
agree, eager
alb, lab
bam, mba
ban, nab
abo, boa
gnu, gun
storm, strom
bat, tab
beater, berate
moor, room
caveat, vacate
bandpass, passband
mother, thermo
option, potion
longue, lounge
howsomever, whomsoever
lamp, palm
patrol, portal
alum, maul
canoe, ocean
garter, grater
creep, crepe
board, broad
derange, grenade
carne, crane
motet, totem
reliant, retinal
calvary, cavalry
gop, gpo
cal, lac
got, tog
prudent, uptrend
cap, cpa
teet, tete
acs, sac
act, cat
prom, romp
caw, wac
bernardo, dearborn
add, dad
mutilate, ultimate
fad, fda
creedal, declare
aid, ida
elm, mel
itt, tit
dam, mad
hardy, hydra
let, tel
ely, lye
runt, turn
arrest, raster
opal, palo
also, laos
dust, stud
etruscan, recusant
olav, oval
agone, genoa
bacterial, calibrate
crete, erect
amino, naomi
anger, range
artie, irate
collinear, coralline
swell, wells
ale, lea
dolly, lloyd
sci, sic
cit, tic
olson, solon
ave, eva
aye, yea
indies, inside
alps, slap
aunt, tuna
suture, uterus
hash, shah
hotelman, methanol
inertance, nectarine
dewey, weedy
reserve, reverse
maori, mario
neither, therein
net, ten
aft, fat
coachmen, comanche
entirety, eternity
carve, crave
priam, prima
easel, lease
gal, lag
ore, roe
gar, rag
owe, woe
every, veery
door, rood
lura, raul
aryl, lyra
cause, sauce
piraeus, upraise
per, rep
gut, tug
emitter, termite
peste, steep
haw, wah
hay, yah
silty, styli
gingko, ginkgo
drop, prod
seahorse, seashore
armpit, impart
ruse, sure
ail, ali
argue, auger
aim, ami
ani, ian
shawl, walsh
air, ira
swelter, wrestle
gateway, getaway
dade, dead
mangel, mangle
chenille, hellenic
marino, marion
caracas, cascara
halt, lath
laredo, ordeal
gates, stage
catechism, schematic
con, nco
sargent, strange
prexy, pyrex
dale, deal, lead
dame, made, mead
dave, vade, veda
nerve, never, verne
nestor, sterno, tensor
alp, lap, pal
cpu, cup, puc
pest, sept, step
aspire, persia, praise
cretan, nectar, trance
carven, cavern, craven
amp, map, pam
alton, talon, tonal
arm, mar, ram
leper, perle, repel
amy, may, yam
abed, bade, bead
foal, loaf, olaf
ascent, secant, stance
bard, brad, drab
ant, nat, tan
bare, bear, brae
avid, diva, vida
observe, obverse, verbose
apr, par, rap
aps, sap, spa
lope, opel, pole
lose, sloe, sole
brag, garb, grab
ashy, hays, shay
brute, buret, rebut
earnest, eastern, nearest
art, rat, tar
bole, lobe, loeb
dearth, hatred, thread
penis, snipe, spine
now, own, won
dire, reid, ride
damon, monad, nomad
carlo, carol, coral
miles, slime, smile
ether, there, three
cruel, lucre, ulcer
parse, spare, spear
brain, brian, rabin
paste, septa, spate
below, bowel, elbow
into, oint, toni
demo, dome, mode
diana, nadia, naiad
arlen, learn, renal
lion, loin, olin
result, rustle, ulster
frantic, infarct, infract
lois, silo, soil
abut, tabu, tuba
citrus, curtis, rustic
amble, blame, mabel
argon, groan, organ
alert, alter, later
den, end, ned
loop, polo, pool
list, silt, slit
banal, laban, nabla
along, anglo, logan
starlet, startle, statler
aides, aside, sadie
moan, mona, oman
rosa, soar, sora
rosen, senor, snore
baste, bates, beast
onset, seton, stone
corset, escort, sector
course, crusoe, source
army, mary, myra
poesy, posey, sepoy
asher, share, shear
earth, hater, heart
bin, ibn, nib
lair, liar, rail
lisa, sail, sial
earthy, hearty, thayer
saint, satin, stain
iran, nair, rain
dater, trade, tread
dowry, rowdy, wordy
post, spot, stop
magneto, megaton, montage
hate, heat, thea
acme, came, mace
acre, care, race
avocet, octave, vocate
clio, coil, loci
eros, rose, sore
kale, lake, leak
avis, siva, visa
lame, male, meal
earl, lear, real
lase, sale, seal
late, tale, teal
nape, neap, pane
earn, near, rena
ante, nate, neat
nave, neva, vane
anew, wane, wean
btu, but, tub
danger, gander, garden
anchor, charon, rancho
yates, yeast, yeats
emil, lime, mile
pate, peat, tape
flow, fowl, wolf
gory, gyro, orgy
armco, macro, marco
opt, pot, top
ares, sear, sera
aver, rave, vera
klein, kline, liken
laurent, neutral, renault
algenib, belgian, bengali
merit, mitre, remit
rite, tier, tire
riot, tori, trio
weir, wier, wire
altern, antler, rental
acts, cast, scat
goer, gore, ogre
arnold, roland, ronald
begin, being, binge
meet, mete, teem
ascertain, cartesian, sectarian
baird, braid, rabid
proust, sprout, stupor
listen, silent, tinsel
argot, gator, groat
part, rapt, trap
irs, sir, sri
acm, cam, mac
arc, car, rca
nary, ryan, yarn
and, dan, dna
ester, steer, terse
serve, sever, verse
cannot, canton, conant
purse, sprue, super
ape, epa, pea
asleep, elapse, please
earthen, hearten, teheran
janos, jason, jonas
ago, gao, goa
gas, gsa, sag
hank, kahn, khan
last, salt, slat
andrew, wander, warden
grate, great, greta
aden, dane, dean, edna
dare, dear, erda, read
abet, bate, beat, beta
enol, leon, lone, noel
apt, pat, pta, tap
lascar, rascal, sacral, scalar
diet, edit, tide, tied
resin, rinse, risen, siren
lament, mantel, mantle, mental
nepal, panel, penal, plane
leapt, petal, plate, pleat
lemon, melon, menlo, monel
least, slate, stale, steal
lima, mail, mali, mila
latus, sault, talus, tulsa
hare, hear, hera, rhea
leap, pale, peal, plea
manor, moran, norma, roman
amen, mane, mean, name
ames, mesa, same, seam
mate, meat, tame, team
lien, line, neil, nile
pare, pear, rape, reap
emit, item, mite, time
beard, bread, debar, debra
keats, skate, stake, steak
esprit, priest, sprite, stripe
aires, aries, arise, raise
are, ear, era, rae
ate, eat, eta, tea
cereus, recuse, rescue, secure
abel, able, bale, bela, elba
elan, lane, lean, lena, neal
evil, levi, live, veil, vile
angel, angle, galen, glean, lange
alger, glare, lager, large, regal
caret, carte, cater, crate, trace
