Call with any string parameter for continuous run.
        _/_/_/      _/_/_/        _/_/_/_/_/  _/_/_/_/_/        _/_/_/    _/_/_/_/_/  
     _/      _/  _/      _/      _/                  _/      _/      _/          _/  
    _/      _/        _/    _/  _/                  _/  _/  _/      _/          _/  
   _/      _/      _/          _/_/_/_/          _/        _/      _/        _/    
  _/      _/    _/        _/          _/      _/      _/  _/      _/      _/      
 _/      _/  _/                      _/    _/            _/      _/    _/        
  _/_/_/    _/_/_/_/_/      _/_/_/_/    _/                _/_/_/    _/          
