Warning @regTest/../packages/combinatorics.mnh:1,1 Hiding builtin rule "drop"!
permutations(3)            = [[0,1,2],[0,2,1],[1,0,2],[1,2,0],[2,0,1],[2,1,0]]
permutations([0, 1, 2, 2]) = [[0,1,2,2],[0,2,1,2],[0,2,2,1],[1,0,2,2],[1,2,0,2],[1,2,2,0],[2,0,1,2],[2,0,2,1],[2,1,0,2],[2,1,2,0],[2,2,0,1],[2,2,1,0]]
subsets('X')               = [[],['X']]
subsets(['a'..'c'])        = [[],['c'],['b'],['b','c'],['a'],['a','c'],['a','b'],['a','b','c']]
subsets(['a'..'c','a'])    = [[],['a'],['c'],['c','a'],['b'],['b','a'],['b','c'],['b','c','a'],['a','a'],['a','c'],['a','c','a'],['a','b'],['a','b','a'],['a','b','c'],['a','b','c','a']]
