Writing temporary script temp_0.mnh
Executing temporary script temp_0.mnh
Deleting temporary script temp_0.mnh
Writing temporary script temp_0.mnh
Executing temporary script temp_0.mnh
Deleting temporary script temp_0.mnh
Writing temporary script temp_0.mnh
Executing temporary script temp_0.mnh
Deleting temporary script temp_0.mnh
1759434371
