Writing temporary script temp_0.mnh
Executing temporary script temp_0.mnh
Deleting temporary script temp_0.mnh
Writing temporary script temp_0.mnh
Executing temporary script temp_0.mnh
Deleting temporary script temp_0.mnh
Writing temporary script temp_0.mnh
Executing temporary script temp_0.mnh
Deleting temporary script temp_0.mnh
3179BA94684DA7C7
