In perimeter <=10 there are 0 pythagorean triplets, 0 of which are primitive
In perimeter <=100 there are 17 pythagorean triplets, 7 of which are primitive
In perimeter <=1000 there are 325 pythagorean triplets, 70 of which are primitive
In perimeter <=10000 there are 4858 pythagorean triplets, 703 of which are primitive
In perimeter <=100000 there are 64741 pythagorean triplets, 7026 of which are primitive
In perimeter <=1000000 there are 808950 pythagorean triplets, 70229 of which are primitive
