MMXV       (roman)  =       2015 (arabic)
MCMXC      (roman)  =       1990 (arabic)
MMVIII     (roman)  =       2008 (arabic)
MDCLXVI    (roman)  =       1666 (arabic)
      2000 (arabic) = M          (roman)
      1989 (arabic) = MCMLXXXIX  (roman)
        23 (arabic) = XXIII      (roman)
      1666 (arabic) = MDCLXVI    (roman)
