Warning @regTest/../demos/sudoku.mnh:1,1 Hiding builtin rule "drop"!
Generated a riddle with difficulty: 54
         |         |       4 
         | 5       | 9  2    
 3       | 1       |    7    
---------+---------+---------
 1     9 | 7       |    4  6 
 6       | 2  1    |    8    
    2    |    9  4 |    3    
---------+---------+---------
       7 |    2    |    6  8 
         |    7  3 |         
    8    |         |         
